// Jest Snapshot v1, https://goo.gl/fbAQLP

exports[`portfolio renders correctly 1`] = `
<div>
  <h2>
    Recent Work
  </h2>
  <div
    className="grid 2xl:grid-cols-3 md:grid-cols-2 grid-cols-1 grid-flow-row gap-10 auto-cols-max"
  >
    <div
      className="group rounded-xl bg-cool-gray-300 dark:bg-cool-gray-700 hover:shadow-2xl shadow-xl transition duration-300"
    >
      <div
        className="relative rounded-t-xl overflow-hidden"
        style={
          Object {
            "padding": "30% 0",
          }
        }
      >
        <a
          href="https://kochie.space"
        >
          <div
            style={
              Object {
                "bottom": 0,
                "boxSizing": "border-box",
                "display": "block",
                "left": 0,
                "margin": 0,
                "overflow": "hidden",
                "position": "absolute",
                "right": 0,
                "top": 0,
              }
            }
          >
            <noscript>
              <img
                alt="Space"
                className="absolute top-0 left-0 w-full h-full group-hover:scale-110 transform-gpu transition duration-100 filter grayscale-35 group-hover:grayscale-0"
                data-nimg={true}
                decoding="async"
                sizes="100vw"
                src="/_next/image?url=%2Fimages%2Fspace.webp&w=1200&q=75"
                srcSet="/_next/image?url=%2Fimages%2Fspace.webp&w=320&q=75 320w, /_next/image?url=%2Fimages%2Fspace.webp&w=420&q=75 420w, /_next/image?url=%2Fimages%2Fspace.webp&w=768&q=75 768w, /_next/image?url=%2Fimages%2Fspace.webp&w=1024&q=75 1024w, /_next/image?url=%2Fimages%2Fspace.webp&w=1200&q=75 1200w"
                style={
                  Object {
                    "border": "none",
                    "bottom": 0,
                    "boxSizing": "border-box",
                    "display": "block",
                    "height": 0,
                    "left": 0,
                    "margin": "auto",
                    "maxHeight": "100%",
                    "maxWidth": "100%",
                    "minHeight": "100%",
                    "minWidth": "100%",
                    "objectFit": "cover",
                    "objectPosition": undefined,
                    "padding": 0,
                    "position": "absolute",
                    "right": 0,
                    "top": 0,
                    "width": 0,
                  }
                }
              />
            </noscript>
            <img
              alt="Space"
              className="absolute top-0 left-0 w-full h-full group-hover:scale-110 transform-gpu transition duration-100 filter grayscale-35 group-hover:grayscale-0"
              data-nimg={true}
              decoding="async"
              src="data:image/gif;base64,R0lGODlhAQABAIAAAAAAAP///yH5BAEAAAAALAAAAAABAAEAAAIBRAA7"
              style={
                Object {
                  "border": "none",
                  "bottom": 0,
                  "boxSizing": "border-box",
                  "display": "block",
                  "height": 0,
                  "left": 0,
                  "margin": "auto",
                  "maxHeight": "100%",
                  "maxWidth": "100%",
                  "minHeight": "100%",
                  "minWidth": "100%",
                  "objectFit": "cover",
                  "objectPosition": undefined,
                  "padding": 0,
                  "position": "absolute",
                  "right": 0,
                  "top": 0,
                  "width": 0,
                }
              }
            />
          </div>
        </a>
      </div>
      <div
        className="px-5"
      >
        <h3
          className="text-lg mt-0"
        >
          <a
            href="https://kochie.space"
          >
            Space
          </a>
        </h3>
        <p
          className="text-sm"
        >
          A small webapp that follows the mouse.
        </p>
      </div>
    </div>
    <div
      className="group rounded-xl bg-cool-gray-300 dark:bg-cool-gray-700 hover:shadow-2xl shadow-xl transition duration-300"
    >
      <div
        className="relative rounded-t-xl overflow-hidden"
        style={
          Object {
            "padding": "30% 0",
          }
        }
      >
        <a
          href="https://3body.now.sh"
        >
          <div
            style={
              Object {
                "bottom": 0,
                "boxSizing": "border-box",
                "display": "block",
                "left": 0,
                "margin": 0,
                "overflow": "hidden",
                "position": "absolute",
                "right": 0,
                "top": 0,
              }
            }
          >
            <noscript>
              <img
                alt="Particlez"
                className="absolute top-0 left-0 w-full h-full group-hover:scale-110 transform-gpu transition duration-100 filter grayscale-35 group-hover:grayscale-0"
                data-nimg={true}
                decoding="async"
                sizes="100vw"
                src="/_next/image?url=%2Fimages%2Fparticlez.webp&w=1200&q=75"
                srcSet="/_next/image?url=%2Fimages%2Fparticlez.webp&w=320&q=75 320w, /_next/image?url=%2Fimages%2Fparticlez.webp&w=420&q=75 420w, /_next/image?url=%2Fimages%2Fparticlez.webp&w=768&q=75 768w, /_next/image?url=%2Fimages%2Fparticlez.webp&w=1024&q=75 1024w, /_next/image?url=%2Fimages%2Fparticlez.webp&w=1200&q=75 1200w"
                style={
                  Object {
                    "border": "none",
                    "bottom": 0,
                    "boxSizing": "border-box",
                    "display": "block",
                    "height": 0,
                    "left": 0,
                    "margin": "auto",
                    "maxHeight": "100%",
                    "maxWidth": "100%",
                    "minHeight": "100%",
                    "minWidth": "100%",
                    "objectFit": "cover",
                    "objectPosition": undefined,
                    "padding": 0,
                    "position": "absolute",
                    "right": 0,
                    "top": 0,
                    "width": 0,
                  }
                }
              />
            </noscript>
            <img
              alt="Particlez"
              className="absolute top-0 left-0 w-full h-full group-hover:scale-110 transform-gpu transition duration-100 filter grayscale-35 group-hover:grayscale-0"
              data-nimg={true}
              decoding="async"
              src="data:image/gif;base64,R0lGODlhAQABAIAAAAAAAP///yH5BAEAAAAALAAAAAABAAEAAAIBRAA7"
              style={
                Object {
                  "border": "none",
                  "bottom": 0,
                  "boxSizing": "border-box",
                  "display": "block",
                  "height": 0,
                  "left": 0,
                  "margin": "auto",
                  "maxHeight": "100%",
                  "maxWidth": "100%",
                  "minHeight": "100%",
                  "minWidth": "100%",
                  "objectFit": "cover",
                  "objectPosition": undefined,
                  "padding": 0,
                  "position": "absolute",
                  "right": 0,
                  "top": 0,
                  "width": 0,
                }
              }
            />
          </div>
        </a>
      </div>
      <div
        className="px-5"
      >
        <h3
          className="text-lg mt-0"
        >
          <a
            href="https://3body.now.sh"
          >
            Particlez
          </a>
        </h3>
        <p
          className="text-sm"
        >
          A real time n-body particle simulator for the web.
        </p>
      </div>
    </div>
    <div
      className="group rounded-xl bg-cool-gray-300 dark:bg-cool-gray-700 hover:shadow-2xl shadow-xl transition duration-300"
    >
      <div
        className="relative rounded-t-xl overflow-hidden"
        style={
          Object {
            "padding": "30% 0",
          }
        }
      >
        <a
          href="https://github.com/kochie/guardian-server"
        >
          <div
            style={
              Object {
                "bottom": 0,
                "boxSizing": "border-box",
                "display": "block",
                "left": 0,
                "margin": 0,
                "overflow": "hidden",
                "position": "absolute",
                "right": 0,
                "top": 0,
              }
            }
          >
            <noscript>
              <img
                alt="Guardian"
                className="absolute top-0 left-0 w-full h-full group-hover:scale-110 transform-gpu transition duration-100 filter grayscale-35 group-hover:grayscale-0"
                data-nimg={true}
                decoding="async"
                sizes="100vw"
                src="/_next/image?url=%2Fimages%2Fguardian.webp&w=1200&q=75"
                srcSet="/_next/image?url=%2Fimages%2Fguardian.webp&w=320&q=75 320w, /_next/image?url=%2Fimages%2Fguardian.webp&w=420&q=75 420w, /_next/image?url=%2Fimages%2Fguardian.webp&w=768&q=75 768w, /_next/image?url=%2Fimages%2Fguardian.webp&w=1024&q=75 1024w, /_next/image?url=%2Fimages%2Fguardian.webp&w=1200&q=75 1200w"
                style={
                  Object {
                    "border": "none",
                    "bottom": 0,
                    "boxSizing": "border-box",
                    "display": "block",
                    "height": 0,
                    "left": 0,
                    "margin": "auto",
                    "maxHeight": "100%",
                    "maxWidth": "100%",
                    "minHeight": "100%",
                    "minWidth": "100%",
                    "objectFit": "cover",
                    "objectPosition": undefined,
                    "padding": 0,
                    "position": "absolute",
                    "right": 0,
                    "top": 0,
                    "width": 0,
                  }
                }
              />
            </noscript>
            <img
              alt="Guardian"
              className="absolute top-0 left-0 w-full h-full group-hover:scale-110 transform-gpu transition duration-100 filter grayscale-35 group-hover:grayscale-0"
              data-nimg={true}
              decoding="async"
              src="data:image/gif;base64,R0lGODlhAQABAIAAAAAAAP///yH5BAEAAAAALAAAAAABAAEAAAIBRAA7"
              style={
                Object {
                  "border": "none",
                  "bottom": 0,
                  "boxSizing": "border-box",
                  "display": "block",
                  "height": 0,
                  "left": 0,
                  "margin": "auto",
                  "maxHeight": "100%",
                  "maxWidth": "100%",
                  "minHeight": "100%",
                  "minWidth": "100%",
                  "objectFit": "cover",
                  "objectPosition": undefined,
                  "padding": 0,
                  "position": "absolute",
                  "right": 0,
                  "top": 0,
                  "width": 0,
                }
              }
            />
          </div>
        </a>
      </div>
      <div
        className="px-5"
      >
        <h3
          className="text-lg mt-0"
        >
          <a
            href="https://github.com/kochie/guardian-server"
          >
            Guardian
          </a>
        </h3>
        <p
          className="text-sm"
        >
          An experiment in transferring cyptographic keys between devices without the user needing to copy keys themselves.
        </p>
      </div>
    </div>
    <div
      className="group rounded-xl bg-cool-gray-300 dark:bg-cool-gray-700 hover:shadow-2xl shadow-xl transition duration-300"
    >
      <div
        className="relative rounded-t-xl overflow-hidden"
        style={
          Object {
            "padding": "30% 0",
          }
        }
      >
        <a
          href="https://bitbucket.org/kochie/fyp"
        >
          <div
            style={
              Object {
                "bottom": 0,
                "boxSizing": "border-box",
                "display": "block",
                "left": 0,
                "margin": 0,
                "overflow": "hidden",
                "position": "absolute",
                "right": 0,
                "top": 0,
              }
            }
          >
            <noscript>
              <img
                alt="Optimising Neural Networks for Embedded Systems"
                className="absolute top-0 left-0 w-full h-full group-hover:scale-110 transform-gpu transition duration-100 filter grayscale-35 group-hover:grayscale-0"
                data-nimg={true}
                decoding="async"
                sizes="100vw"
                src="/_next/image?url=%2Fimages%2Ftensorflow.webp&w=1200&q=75"
                srcSet="/_next/image?url=%2Fimages%2Ftensorflow.webp&w=320&q=75 320w, /_next/image?url=%2Fimages%2Ftensorflow.webp&w=420&q=75 420w, /_next/image?url=%2Fimages%2Ftensorflow.webp&w=768&q=75 768w, /_next/image?url=%2Fimages%2Ftensorflow.webp&w=1024&q=75 1024w, /_next/image?url=%2Fimages%2Ftensorflow.webp&w=1200&q=75 1200w"
                style={
                  Object {
                    "border": "none",
                    "bottom": 0,
                    "boxSizing": "border-box",
                    "display": "block",
                    "height": 0,
                    "left": 0,
                    "margin": "auto",
                    "maxHeight": "100%",
                    "maxWidth": "100%",
                    "minHeight": "100%",
                    "minWidth": "100%",
                    "objectFit": "cover",
                    "objectPosition": undefined,
                    "padding": 0,
                    "position": "absolute",
                    "right": 0,
                    "top": 0,
                    "width": 0,
                  }
                }
              />
            </noscript>
            <img
              alt="Optimising Neural Networks for Embedded Systems"
              className="absolute top-0 left-0 w-full h-full group-hover:scale-110 transform-gpu transition duration-100 filter grayscale-35 group-hover:grayscale-0"
              data-nimg={true}
              decoding="async"
              src="data:image/gif;base64,R0lGODlhAQABAIAAAAAAAP///yH5BAEAAAAALAAAAAABAAEAAAIBRAA7"
              style={
                Object {
                  "border": "none",
                  "bottom": 0,
                  "boxSizing": "border-box",
                  "display": "block",
                  "height": 0,
                  "left": 0,
                  "margin": "auto",
                  "maxHeight": "100%",
                  "maxWidth": "100%",
                  "minHeight": "100%",
                  "minWidth": "100%",
                  "objectFit": "cover",
                  "objectPosition": undefined,
                  "padding": 0,
                  "position": "absolute",
                  "right": 0,
                  "top": 0,
                  "width": 0,
                }
              }
            />
          </div>
        </a>
      </div>
      <div
        className="px-5"
      >
        <h3
          className="text-lg mt-0"
        >
          <a
            href="https://bitbucket.org/kochie/fyp"
          >
            Optimising Neural Networks for Embedded Systems
          </a>
        </h3>
        <p
          className="text-sm"
        >
          My final year project - focusing on modifying the activation layers of convolutional neural networks to work better on embedded devices.
        </p>
      </div>
    </div>
    <div
      className="group rounded-xl bg-cool-gray-300 dark:bg-cool-gray-700 hover:shadow-2xl shadow-xl transition duration-300"
    >
      <div
        className="relative rounded-t-xl overflow-hidden"
        style={
          Object {
            "padding": "30% 0",
          }
        }
      >
        <a
          href="https://github.com/kochie/juice"
        >
          <div
            style={
              Object {
                "bottom": 0,
                "boxSizing": "border-box",
                "display": "block",
                "left": 0,
                "margin": 0,
                "overflow": "hidden",
                "position": "absolute",
                "right": 0,
                "top": 0,
              }
            }
          >
            <noscript>
              <img
                alt="Juice"
                className="absolute top-0 left-0 w-full h-full group-hover:scale-110 transform-gpu transition duration-100 filter grayscale-35 group-hover:grayscale-0"
                data-nimg={true}
                decoding="async"
                sizes="100vw"
                src="/_next/image?url=%2Fimages%2Fjuice.webp&w=1200&q=75"
                srcSet="/_next/image?url=%2Fimages%2Fjuice.webp&w=320&q=75 320w, /_next/image?url=%2Fimages%2Fjuice.webp&w=420&q=75 420w, /_next/image?url=%2Fimages%2Fjuice.webp&w=768&q=75 768w, /_next/image?url=%2Fimages%2Fjuice.webp&w=1024&q=75 1024w, /_next/image?url=%2Fimages%2Fjuice.webp&w=1200&q=75 1200w"
                style={
                  Object {
                    "border": "none",
                    "bottom": 0,
                    "boxSizing": "border-box",
                    "display": "block",
                    "height": 0,
                    "left": 0,
                    "margin": "auto",
                    "maxHeight": "100%",
                    "maxWidth": "100%",
                    "minHeight": "100%",
                    "minWidth": "100%",
                    "objectFit": "cover",
                    "objectPosition": undefined,
                    "padding": 0,
                    "position": "absolute",
                    "right": 0,
                    "top": 0,
                    "width": 0,
                  }
                }
              />
            </noscript>
            <img
              alt="Juice"
              className="absolute top-0 left-0 w-full h-full group-hover:scale-110 transform-gpu transition duration-100 filter grayscale-35 group-hover:grayscale-0"
              data-nimg={true}
              decoding="async"
              src="data:image/gif;base64,R0lGODlhAQABAIAAAAAAAP///yH5BAEAAAAALAAAAAABAAEAAAIBRAA7"
              style={
                Object {
                  "border": "none",
                  "bottom": 0,
                  "boxSizing": "border-box",
                  "display": "block",
                  "height": 0,
                  "left": 0,
                  "margin": "auto",
                  "maxHeight": "100%",
                  "maxWidth": "100%",
                  "minHeight": "100%",
                  "minWidth": "100%",
                  "objectFit": "cover",
                  "objectPosition": undefined,
                  "padding": 0,
                  "position": "absolute",
                  "right": 0,
                  "top": 0,
                  "width": 0,
                }
              }
            />
          </div>
        </a>
      </div>
      <div
        className="px-5"
      >
        <h3
          className="text-lg mt-0"
        >
          <a
            href="https://github.com/kochie/juice"
          >
            Juice
          </a>
        </h3>
        <p
          className="text-sm"
        >
          A Json-Web-Token analyser.
        </p>
      </div>
    </div>
    <div
      className="group rounded-xl bg-cool-gray-300 dark:bg-cool-gray-700 hover:shadow-2xl shadow-xl transition duration-300"
    >
      <div
        className="relative rounded-t-xl overflow-hidden"
        style={
          Object {
            "padding": "30% 0",
          }
        }
      >
        <a
          href="https://github.com/kochie/mcgurrin"
        >
          <div
            style={
              Object {
                "bottom": 0,
                "boxSizing": "border-box",
                "display": "block",
                "left": 0,
                "margin": 0,
                "overflow": "hidden",
                "position": "absolute",
                "right": 0,
                "top": 0,
              }
            }
          >
            <noscript>
              <img
                alt="McGurrin"
                className="absolute top-0 left-0 w-full h-full group-hover:scale-110 transform-gpu transition duration-100 filter grayscale-35 group-hover:grayscale-0"
                data-nimg={true}
                decoding="async"
                sizes="100vw"
                src="/_next/image?url=%2Fimages%2Fkeyboard.webp&w=1200&q=75"
                srcSet="/_next/image?url=%2Fimages%2Fkeyboard.webp&w=320&q=75 320w, /_next/image?url=%2Fimages%2Fkeyboard.webp&w=420&q=75 420w, /_next/image?url=%2Fimages%2Fkeyboard.webp&w=768&q=75 768w, /_next/image?url=%2Fimages%2Fkeyboard.webp&w=1024&q=75 1024w, /_next/image?url=%2Fimages%2Fkeyboard.webp&w=1200&q=75 1200w"
                style={
                  Object {
                    "border": "none",
                    "bottom": 0,
                    "boxSizing": "border-box",
                    "display": "block",
                    "height": 0,
                    "left": 0,
                    "margin": "auto",
                    "maxHeight": "100%",
                    "maxWidth": "100%",
                    "minHeight": "100%",
                    "minWidth": "100%",
                    "objectFit": "cover",
                    "objectPosition": undefined,
                    "padding": 0,
                    "position": "absolute",
                    "right": 0,
                    "top": 0,
                    "width": 0,
                  }
                }
              />
            </noscript>
            <img
              alt="McGurrin"
              className="absolute top-0 left-0 w-full h-full group-hover:scale-110 transform-gpu transition duration-100 filter grayscale-35 group-hover:grayscale-0"
              data-nimg={true}
              decoding="async"
              src="data:image/gif;base64,R0lGODlhAQABAIAAAAAAAP///yH5BAEAAAAALAAAAAABAAEAAAIBRAA7"
              style={
                Object {
                  "border": "none",
                  "bottom": 0,
                  "boxSizing": "border-box",
                  "display": "block",
                  "height": 0,
                  "left": 0,
                  "margin": "auto",
                  "maxHeight": "100%",
                  "maxWidth": "100%",
                  "minHeight": "100%",
                  "minWidth": "100%",
                  "objectFit": "cover",
                  "objectPosition": undefined,
                  "padding": 0,
                  "position": "absolute",
                  "right": 0,
                  "top": 0,
                  "width": 0,
                }
              }
            />
          </div>
        </a>
      </div>
      <div
        className="px-5"
      >
        <h3
          className="text-lg mt-0"
        >
          <a
            href="https://github.com/kochie/mcgurrin"
          >
            McGurrin
          </a>
        </h3>
        <p
          className="text-sm"
        >
          A tool to help with learning to touch type.
        </p>
      </div>
    </div>
  </div>
</div>
`;
