// Jest Snapshot v1, https://goo.gl/fbAQLP

exports[`THEME COMPONENT should render 1`] = `
<div
  className="fixed top-0 right-0 z-50"
>
  <div
    className="pr-5 pt-5 pl-10 pb-10 animate duration-300 group flex-col flex gap-4 items-center text-white dark:text-black"
  >
    <div
      className=""
    >
      <div
        aria-label="Change Theme"
        className="w-full h-full animate duration-300"
        onClick={[Function]}
        role="button"
        tabIndex={0}
      >
        <span
          aria-label="Dark Theme"
          className="fa-stack fa-2x"
          onClick={[Function]}
          role="button"
          tabIndex={0}
          title="Dark Theme"
        >
          <svg
            aria-hidden="true"
            className="svg-inline--fa fa-circle fa-stack-2x dark:text-white text-black"
            data-icon="circle"
            data-prefix="fas"
            focusable="false"
            role="img"
            style={{}}
            viewBox="0 0 512 512"
            xmlns="http://www.w3.org/2000/svg"
          >
            <path
              d="M256 512A256 256 0 1 0 256 0a256 256 0 1 0 0 512z"
              fill="currentColor"
              style={{}}
            />
          </svg>
          <svg
            aria-hidden="true"
            className="svg-inline--fa fa-lightbulb-slash fa-stack-1x"
            data-icon="lightbulb-slash"
            data-prefix="fad"
            focusable="false"
            role="img"
            style={{}}
            viewBox="0 0 640 512"
            xmlns="http://www.w3.org/2000/svg"
          >
            <g
              className="fa-duotone-group"
              style={{}}
            >
              <path
                className="fa-secondary"
                d="M435.9 316.3c4.4-6.2 8.9-12.4 13.4-18.6l0 0 0 0 0 0c5.2-7.1 10.4-14.2 15.4-21.4c19.8-28.5 31.4-63 31.4-100.3C496 78.8 417.2 0 320 0C249.7 0 189.1 41.2 160.8 100.8l52.4 41.1C227.7 96.7 270 64 320 64c8.8 0 16 7.2 16 16s-7.2 16-16 16c-40 0-73.1 29.3-79 67.6L435.9 316.3zM152.4 229.8c5.4 16.8 13.2 32.4 23 46.6c5 7.2 10.2 14.3 15.4 21.4l0 0c19.8 27.1 39.7 54.4 49.2 86.2H348.1L152.4 229.8zM240 416v16c0 44.2 35.8 80 80 80s80-35.8 80-80v-7.1L388.7 416H240z"
                fill="currentColor"
                style={{}}
              />
              <path
                className="fa-primary"
                d="M5.1 9.2C13.3-1.2 28.4-3.1 38.8 5.1l592 464c10.4 8.2 12.3 23.3 4.1 33.7s-23.3 12.3-33.7 4.1L9.2 42.9C-1.2 34.7-3.1 19.6 5.1 9.2z"
                fill="currentColor"
                style={{}}
              />
            </g>
          </svg>
        </span>
      </div>
    </div>
    <div
      className="cursor-pointer transition transform-gpu duration-300 animate scale-0 group-hover:scale-100 ease-in-out delay-200 group-hover:delay-0"
    >
      <div
        className="fa-stack duration-300 animate fa-lg"
        onClick={[Function]}
        title="Dark Theme"
      >
        <svg
          aria-hidden="true"
          className="svg-inline--fa fa-circle fa-stack-2x dark:text-white text-black"
          data-icon="circle"
          data-prefix="fas"
          focusable="false"
          role="img"
          style={{}}
          viewBox="0 0 512 512"
          xmlns="http://www.w3.org/2000/svg"
        >
          <path
            d="M256 512A256 256 0 1 0 256 0a256 256 0 1 0 0 512z"
            fill="currentColor"
            style={{}}
          />
        </svg>
        <svg
          aria-hidden="true"
          className="svg-inline--fa fa-lightbulb-slash fa-stack-1x"
          data-icon="lightbulb-slash"
          data-prefix="fad"
          focusable="false"
          role="img"
          style={{}}
          viewBox="0 0 640 512"
          xmlns="http://www.w3.org/2000/svg"
        >
          <g
            className="fa-duotone-group"
            style={{}}
          >
            <path
              className="fa-secondary"
              d="M435.9 316.3c4.4-6.2 8.9-12.4 13.4-18.6l0 0 0 0 0 0c5.2-7.1 10.4-14.2 15.4-21.4c19.8-28.5 31.4-63 31.4-100.3C496 78.8 417.2 0 320 0C249.7 0 189.1 41.2 160.8 100.8l52.4 41.1C227.7 96.7 270 64 320 64c8.8 0 16 7.2 16 16s-7.2 16-16 16c-40 0-73.1 29.3-79 67.6L435.9 316.3zM152.4 229.8c5.4 16.8 13.2 32.4 23 46.6c5 7.2 10.2 14.3 15.4 21.4l0 0c19.8 27.1 39.7 54.4 49.2 86.2H348.1L152.4 229.8zM240 416v16c0 44.2 35.8 80 80 80s80-35.8 80-80v-7.1L388.7 416H240z"
              fill="currentColor"
              style={{}}
            />
            <path
              className="fa-primary"
              d="M5.1 9.2C13.3-1.2 28.4-3.1 38.8 5.1l592 464c10.4 8.2 12.3 23.3 4.1 33.7s-23.3 12.3-33.7 4.1L9.2 42.9C-1.2 34.7-3.1 19.6 5.1 9.2z"
              fill="currentColor"
              style={{}}
            />
          </g>
        </svg>
      </div>
    </div>
    <div
      className="cursor-pointer transition transform-gpu duration-300 animate scale-0 group-hover:scale-100 ease-in-out delay-100"
    >
      <div
        className="fa-stack duration-300 animate fa-lg"
        onClick={[Function]}
        title="Light Theme"
      >
        <svg
          aria-hidden="true"
          className="svg-inline--fa fa-circle fa-stack-2x dark:text-white text-black"
          data-icon="circle"
          data-prefix="fas"
          focusable="false"
          role="img"
          style={{}}
          viewBox="0 0 512 512"
          xmlns="http://www.w3.org/2000/svg"
        >
          <path
            d="M256 512A256 256 0 1 0 256 0a256 256 0 1 0 0 512z"
            fill="currentColor"
            style={{}}
          />
        </svg>
        <svg
          aria-hidden="true"
          className="svg-inline--fa fa-lightbulb-on fa-stack-1x"
          data-icon="lightbulb-on"
          data-prefix="fad"
          focusable="false"
          role="img"
          style={{}}
          viewBox="0 0 640 512"
          xmlns="http://www.w3.org/2000/svg"
        >
          <g
            className="fa-duotone-group"
            style={{}}
          >
            <path
              className="fa-secondary"
              d="M449.2 297.8c-19.8 27.1-39.7 54.4-49.2 86.2H240c-9.6-31.9-29.5-59.1-49.2-86.2c-5.2-7.1-10.4-14.2-15.4-21.4C155.6 247.9 144 213.3 144 176C144 78.8 222.8 0 320 0s176 78.8 176 176c0 37.3-11.6 71.9-31.4 100.3c-5 7.2-10.2 14.3-15.4 21.4zM240 176c0-44.2 35.8-80 80-80c8.8 0 16-7.2 16-16s-7.2-16-16-16c-61.9 0-112 50.1-112 112c0 8.8 7.2 16 16 16s16-7.2 16-16z"
              fill="currentColor"
              style={{}}
            />
            <path
              className="fa-primary"
              d="M69.3 4l48 32c11 7.4 14 22.3 6.7 33.3s-22.3 14-33.3 6.7l-48-32c-11-7.4-14-22.3-6.7-33.3S58.3-3.3 69.3 4zM597.3 44l-48 32c-11 7.4-25.9 4.4-33.3-6.7s-4.4-25.9 6.7-33.3l48-32c11-7.4 25.9-4.4 33.3 6.7s4.4 25.9-6.7 33.3zM24 160H88c13.3 0 24 10.7 24 24s-10.7 24-24 24H24c-13.3 0-24-10.7-24-24s10.7-24 24-24zm528 0h64c13.3 0 24 10.7 24 24s-10.7 24-24 24H552c-13.3 0-24-10.7-24-24s10.7-24 24-24zM117.3 332l-48 32c-11 7.4-25.9 4.4-33.3-6.7s-4.4-25.9 6.7-33.3l48-32c11-7.4 25.9-4.4 33.3 6.7s4.4 25.9-6.7 33.3zm432-39.9l48 32c11 7.4 14 22.3 6.7 33.3s-22.3 14-33.3 6.7l-48-32c-11-7.4-14-22.3-6.7-33.3s22.3-14 33.3-6.7zM400 432c0 44.2-35.8 80-80 80s-80-35.8-80-80V384H400v48z"
              fill="currentColor"
              style={{}}
            />
          </g>
        </svg>
      </div>
    </div>
    <div
      className="cursor-pointer transition transform-gpu duration-300 animate scale-0 group-hover:scale-100 ease-in-out delay-0 group-hover:delay-200"
    >
      <div
        className="fa-stack duration-300 animate fa-lg"
        onClick={[Function]}
        title="System Theme"
      >
        <svg
          aria-hidden="true"
          className="svg-inline--fa fa-circle fa-stack-2x dark:text-white text-black"
          data-icon="circle"
          data-prefix="fas"
          focusable="false"
          role="img"
          style={{}}
          viewBox="0 0 512 512"
          xmlns="http://www.w3.org/2000/svg"
        >
          <path
            d="M256 512A256 256 0 1 0 256 0a256 256 0 1 0 0 512z"
            fill="currentColor"
            style={{}}
          />
        </svg>
        <svg
          aria-hidden="true"
          className="svg-inline--fa fa-gears fa-stack-1x"
          data-icon="gears"
          data-prefix="fad"
          focusable="false"
          role="img"
          style={{}}
          viewBox="0 0 640 512"
          xmlns="http://www.w3.org/2000/svg"
        >
          <g
            className="fa-duotone-group"
            style={{}}
          >
            <path
              className="fa-secondary"
              d="M529.7 506.7c-8.7 3.7-18.6 .9-25-6.2l-19.8-22.2c-6.8 1.1-13.8 1.7-20.9 1.7s-14.1-.6-20.9-1.7l-19.8 22.2c-6.3 7.1-16.2 9.9-25 6.2c-5.3-2.3-10.5-4.8-15.5-7.6l-5.4-3.1c-5-3-9.9-6.3-14.6-9.8c-7.6-5.7-10.1-15.7-7.1-24.7l9.3-28.2c-8.8-10.7-16-23-20.9-36.2L315.1 391c-9.3-1.9-16.7-9.1-17.8-18.5c-.8-6.7-1.2-13.5-1.2-20.4s.4-13.7 1.2-20.4c1.1-9.4 8.6-16.6 17.8-18.5l29.1-6.1c5-13.3 12.1-25.5 20.9-36.2l-9.3-28.2c-3-9-.5-19 7.1-24.7c4.7-3.5 9.6-6.8 14.6-9.9l5.2-3c5-2.8 10.2-5.3 15.6-7.6c8.7-3.7 18.6-.9 25 6.2l19.8 22.2c6.8-1.1 13.8-1.7 20.9-1.7s14.1 .6 20.9 1.7l19.8-22.2c6.3-7.1 16.2-9.9 25-6.2c5.3 2.3 10.5 4.8 15.6 7.6l5.3 3c5.1 3 9.9 6.3 14.6 9.9c7.6 5.7 10.1 15.7 7.1 24.7l-9.3 28.2c8.8 10.7 16 23 20.9 36.2l29.1 6.1c9.3 1.9 16.7 9.1 17.8 18.5c.8 6.7 1.2 13.5 1.2 20.4s-.4 13.7-1.2 20.4c-1.1 9.4-8.6 16.6-17.8 18.5L583.9 397c-5 13.3-12.1 25.5-20.9 36.2l9.3 28.2c3 9 .5 19-7.1 24.7c-4.7 3.5-9.5 6.8-14.6 9.8l-5.4 3.1c-5 2.8-10.2 5.3-15.5 7.6zM416 352a48 48 0 1 0 96 0 48 48 0 1 0 -96 0z"
              fill="currentColor"
              style={{}}
            />
            <path
              className="fa-primary"
              d="M314.7 110.3c3.7 8.7 .9 18.6-6.2 25l-22.2 19.8c1.1 6.8 1.7 13.8 1.7 20.9s-.6 14.1-1.7 20.9l22.2 19.8c7.1 6.3 9.9 16.2 6.2 25c-2.3 5.3-4.8 10.5-7.6 15.5l-3.1 5.4c-3 5-6.3 9.9-9.8 14.6c-5.7 7.6-15.7 10.1-24.7 7.1l-28.2-9.3c-10.7 8.8-23 16-36.2 20.9L199 324.9c-1.9 9.3-9.1 16.7-18.5 17.8c-6.7 .8-13.5 1.2-20.4 1.2s-13.7-.4-20.4-1.2c-9.4-1.1-16.6-8.6-18.5-17.8L115 295.9c-13.3-5-25.5-12.1-36.2-20.9l-28.2 9.3c-9 3-19 .5-24.7-7.1c-3.5-4.7-6.8-9.6-9.9-14.6l-3-5.2c-2.8-5-5.3-10.2-7.6-15.6c-3.7-8.7-.9-18.6 6.2-25l22.2-19.8C32.6 190.1 32 183.1 32 176s.6-14.1 1.7-20.9L11.5 135.3c-7.1-6.3-9.9-16.2-6.2-25c2.3-5.3 4.8-10.5 7.6-15.6l3-5.3c3-5.1 6.3-9.9 9.9-14.6c5.7-7.6 15.7-10.1 24.7-7.1l28.2 9.3c10.7-8.8 23-16 36.2-20.9L121 27.1c1.9-9.3 9.1-16.7 18.5-17.8C146.3 8.4 153.1 8 160 8s13.7 .4 20.4 1.2c9.4 1.1 16.6 8.6 18.5 17.8L205 56.1c13.3 5 25.5 12.1 36.2 20.9l28.2-9.3c9-3 19-.5 24.7 7.1c3.5 4.7 6.8 9.5 9.8 14.6l3.1 5.4c2.8 5 5.3 10.2 7.6 15.5zM160 224a48 48 0 1 0 0-96 48 48 0 1 0 0 96z"
              fill="currentColor"
              style={{}}
            />
          </g>
        </svg>
      </div>
    </div>
  </div>
</div>
`;

exports[`THEMEPROVIDER COMPONENT renders correctly 1`] = `null`;
