// Jest Snapshot v1, https://goo.gl/fbAQLP

exports[`header renders correctly 1`] = `
<div
  className="header"
>
  <canvas
    className="backchart"
  />
  <div
    className="gradient"
  />
  <span
    className="title-firstname"
  >
    ROBERT
  </span>
  <br />
  <span
    className="title-lastname"
  >
    KOCH
  </span>
</div>
`;
